stm32f3xx_ll_dma.h:509:22:LL_DMA_DisableChannel	16	static
stm32f3xx_ll_dma.h:1299:26:LL_DMA_IsActiveFlag_TC6	16	static
stm32f3xx_ll_dma.h:1310:26:LL_DMA_IsActiveFlag_TC7	16	static
stm32f3xx_ll_dma.h:1376:26:LL_DMA_IsActiveFlag_HT6	16	static
stm32f3xx_ll_dma.h:1607:22:LL_DMA_ClearFlag_TC6	16	static
stm32f3xx_ll_dma.h:1618:22:LL_DMA_ClearFlag_TC7	16	static
stm32f3xx_ll_dma.h:1684:22:LL_DMA_ClearFlag_HT6	16	static
stm32f3xx_ll_tim.h:4074:22:LL_TIM_ClearFlag_UPDATE	16	static
stm32f3xx_ll_tim.h:4085:26:LL_TIM_IsActiveFlag_UPDATE	16	static
stm32f3xx_ll_usart.h:2564:26:LL_USART_IsActiveFlag_IDLE	16	static
stm32f3xx_ll_usart.h:2586:26:LL_USART_IsActiveFlag_TC	16	static
stm32f3xx_ll_usart.h:2820:22:LL_USART_ClearFlag_IDLE	16	static
stm32f3xx_it.c:72:6:NMI_Handler	4	static
stm32f3xx_it.c:87:6:HardFault_Handler	4	static
stm32f3xx_it.c:102:6:MemManage_Handler	4	static
stm32f3xx_it.c:117:6:BusFault_Handler	4	static
stm32f3xx_it.c:132:6:UsageFault_Handler	4	static
stm32f3xx_it.c:147:6:SVC_Handler	4	static
stm32f3xx_it.c:160:6:DebugMon_Handler	4	static
stm32f3xx_it.c:173:6:PendSV_Handler	4	static
stm32f3xx_it.c:186:6:SysTick_Handler	4	static
stm32f3xx_it.c:207:6:DMA1_Channel6_IRQHandler	8	static
stm32f3xx_it.c:230:6:DMA1_Channel7_IRQHandler	8	static
stm32f3xx_it.c:250:6:TIM2_IRQHandler	8	static
stm32f3xx_it.c:286:6:USART2_IRQHandler	8	static
