core_cm4.h:1676:26:__NVIC_GetPriorityGrouping	4	static
core_cm4.h:1688:22:__NVIC_EnableIRQ	16	static
core_cm4.h:1816:22:__NVIC_SetPriority	16	static
core_cm4.h:1863:26:NVIC_EncodePriority	40	static
stm32f3xx_ll_dma.h:490:22:LL_DMA_EnableChannel	16	static
stm32f3xx_ll_dma.h:589:22:LL_DMA_SetDataTransferDirection	24	static
stm32f3xx_ll_dma.h:613:26:LL_DMA_GetDataTransferDirection	16	static
stm32f3xx_ll_dma.h:638:22:LL_DMA_SetMode	24	static
stm32f3xx_ll_dma.h:683:22:LL_DMA_SetPeriphIncMode	24	static
stm32f3xx_ll_dma.h:728:22:LL_DMA_SetMemoryIncMode	24	static
stm32f3xx_ll_dma.h:774:22:LL_DMA_SetPeriphSize	24	static
stm32f3xx_ll_dma.h:821:22:LL_DMA_SetMemorySize	24	static
stm32f3xx_ll_dma.h:869:22:LL_DMA_SetChannelPriorityLevel	24	static
stm32f3xx_ll_dma.h:916:22:LL_DMA_SetDataLength	24	static
stm32f3xx_ll_dma.h:938:26:LL_DMA_GetDataLength	16	static
stm32f3xx_ll_dma.h:967:22:LL_DMA_ConfigAddresses	24	static
stm32f3xx_ll_dma.h:1001:22:LL_DMA_SetMemoryAddress	24	static
stm32f3xx_ll_dma.h:1023:22:LL_DMA_SetPeriphAddress	24	static
stm32f3xx_ll_dma.h:1798:22:LL_DMA_EnableIT_TC	16	static
stm32f3xx_ll_dma.h:1817:22:LL_DMA_EnableIT_HT	16	static
stm32f3xx_ll_dma.h:1836:22:LL_DMA_EnableIT_TE	16	static
stm32f3xx_ll_bus.h:287:22:LL_AHB1_GRP1_EnableClock	24	static
stm32f3xx_ll_bus.h:537:22:LL_APB1_GRP1_EnableClock	24	static
stm32f3xx_ll_usart.h:532:22:LL_USART_Enable	16	static
stm32f3xx_ll_usart.h:2255:22:LL_USART_ConfigAsyncMode	16	static
stm32f3xx_ll_usart.h:2925:22:LL_USART_EnableIT_IDLE	40	static,ignoring_inline_asm
stm32f3xx_ll_usart.h:3190:22:LL_USART_DisableIT_CTS	40	static,ignoring_inline_asm
stm32f3xx_ll_usart.h:3364:22:LL_USART_EnableDMAReq_RX	40	static,ignoring_inline_asm
stm32f3xx_ll_usart.h:3397:22:LL_USART_EnableDMAReq_TX	40	static,ignoring_inline_asm
stm32f3xx_ll_usart.h:3467:26:LL_USART_DMA_GetRegAddr	24	static
usart.c:32:6:USART2_RegisterCallback	16	static
usart.c:43:6:MX_USART2_UART_Init	80	static
usart.c:148:6:USART2_PutBuffer	16	static
usart.c:166:6:USART2_CheckDmaReception	16	static
